2025-09-03 18:30:26,503 - INFO - Loading the best CustomCNN26 model as the feature extractor...
2025-09-03 18:30:26,921 - INFO - CustomCNN26 feature extractor loaded successfully
2025-09-03 18:30:26,921 - INFO - Starting Step 1: Extracting features from training and validation sets using CustomCNN26...
2025-09-03 18:30:56,014 - INFO - Extraction completed. Training features shape: (4190, 2048)
2025-09-03 18:30:56,014 - INFO - Extraction completed. Validation features shape: (2625, 2048)
2025-09-03 18:30:56,014 - INFO - Starting Step 2: Training the SVM classifier...
2025-09-03 18:30:57,934 - INFO - SVM training completed
2025-09-03 18:30:57,934 - INFO - Starting Step 3: Evaluating the new SVM classifier...
2025-09-03 18:30:58,477 - INFO - CustomCNN26 + SVM Hybrid Model Validation Accuracy: 0.8686
2025-09-03 19:17:07,383 - INFO - Loading the best CustomCNN26 model as the feature extractor...
2025-09-03 19:17:07,831 - INFO - CustomCNN26 feature extractor loaded successfully
2025-09-03 19:17:07,831 - INFO - Starting Step 1: Extracting features from training and validation sets using CustomCNN26...
2025-09-03 19:17:36,478 - INFO - Extraction completed. Training features shape: (4190, 2048)
2025-09-03 19:17:36,478 - INFO - Extraction completed. Validation features shape: (2625, 2048)
2025-09-03 19:17:36,478 - INFO - Starting Step 2: Training the SVM classifier...
2025-09-03 19:17:38,538 - INFO - SVM training completed
2025-09-03 19:17:38,538 - INFO - Starting Step 3: Evaluating the new SVM classifier...
2025-09-03 19:17:39,179 - INFO - CustomCNN26 + SVM Hybrid Model Validation Accuracy: 0.8598
2025-09-04 14:42:48,490 - INFO - Loading the best CustomCNN26 model as the feature extractor...
2025-09-04 14:42:48,922 - INFO - CustomCNN26 feature extractor loaded successfully
2025-09-04 14:42:48,922 - INFO - Starting Step 1: Extracting features from training and validation sets using CustomCNN26...
2025-09-04 14:43:18,217 - INFO - Extraction completed. Training features shape: (4190, 2048)
2025-09-04 14:43:18,217 - INFO - Extraction completed. Validation features shape: (2625, 2048)
2025-09-04 14:43:18,217 - INFO - Starting Step 2: Training the SVM classifier...
2025-09-04 14:43:20,076 - INFO - SVM training completed
2025-09-04 14:43:20,076 - INFO - Starting Step 3: Evaluating the new SVM classifier...
2025-09-04 14:43:20,648 - INFO - CustomCNN26 + SVM Hybrid Model Validation Accuracy: 0.8693
2026-03-03 21:27:41,144 - INFO - Loading the best CustomCNN26 model as the feature extractor...
2026-03-03 21:27:41,650 - INFO - CustomCNN26 feature extractor loaded successfully
2026-03-03 21:27:41,650 - INFO - Starting Step 1: Extracting features from training and validation sets using CustomCNN26...
2026-03-03 21:28:11,667 - INFO - Extraction completed. Training features shape: (4190, 2048)
2026-03-03 21:28:11,669 - INFO - Extraction completed. Validation features shape: (2625, 2048)
2026-03-03 21:28:11,669 - INFO - Starting Step 2: Training the SVM classifier...
2026-03-03 21:28:13,382 - INFO - SVM training completed
2026-03-03 21:28:13,382 - INFO - Starting Step 3: Evaluating the new SVM classifier...
2026-03-03 21:28:13,858 - INFO - CustomCNN26 + SVM Hybrid Model Validation Accuracy: 0.8846
2026-03-03 21:29:33,106 - INFO - Loading the best CustomCNN26 model as the feature extractor...
2026-03-03 21:29:33,532 - INFO - CustomCNN26 feature extractor loaded successfully
2026-03-03 21:29:33,532 - INFO - Starting Step 1: Extracting features from training and validation sets using CustomCNN26...
2026-03-03 21:30:02,711 - INFO - Extraction completed. Training features shape: (4190, 2048)
2026-03-03 21:30:02,711 - INFO - Extraction completed. Validation features shape: (2625, 2048)
2026-03-03 21:30:02,711 - INFO - Starting Step 2: Training the SVM classifier...
2026-03-03 21:30:04,436 - INFO - SVM training completed
2026-03-03 21:30:04,436 - INFO - Starting Step 3: Evaluating the new SVM classifier...
2026-03-03 21:30:04,895 - INFO - CustomCNN26 + SVM Hybrid Model Validation Accuracy: 0.8846
2026-03-03 22:56:47,108 - INFO - Loading the best CustomCNN26 model as the feature extractor...
2026-03-03 22:56:47,562 - INFO - CustomCNN26 feature extractor loaded successfully
2026-03-03 22:56:47,562 - INFO - Starting Step 1: Extracting features from training and validation sets using CustomCNN26...
2026-03-03 22:57:17,203 - INFO - Extraction completed. Training features shape: (4190, 2048)
2026-03-03 22:57:17,203 - INFO - Extraction completed. Validation features shape: (2625, 2048)
2026-03-03 22:57:17,203 - INFO - Starting Step 2: Training the SVM classifier...
2026-03-03 22:57:19,525 - INFO - SVM training completed
2026-03-03 22:57:19,525 - INFO - Starting Step 3: Evaluating the new SVM classifier...
2026-03-03 22:57:20,280 - INFO - CustomCNN26 + SVM Hybrid Model Validation Accuracy: 0.8632
